#
# A fatal error has been detected by the Java Runtime Environment:
#
#  EXCEPTION_ACCESS_VIOLATION (0xc0000005) at pc=0x00007ffb0aadacb9, pid=18692, tid=24648
#
# JRE version: OpenJDK Runtime Environment Microsoft-13106358 (17.0.18+8) (build 17.0.18+8-LTS)
# Java VM: OpenJDK 64-Bit Server VM Microsoft-13106358 (17.0.18+8-LTS, mixed mode, emulated-client, sharing, tiered, compressed oops, compressed class ptrs, g1 gc, windows-amd64)
# Problematic frame:
# C  [libiomp5md.dll+0xfacb9]
#
# No core dump will be written. Minidumps are not enabled by default on client versions of Windows
#
# If you would like to submit a bug report, please visit:
#   https://github.com/microsoft/openjdk/issues
# The crash happened outside the Java Virtual Machine in native code.
# See problematic frame for where to report the bug.
#

---------------  S U M M A R Y ------------

Command Line: -XX:TieredStopAtLevel=1 -Dspring.output.ansi.enabled=always -javaagent:C:\Program Files\JetBrains\IntelliJ IDEA 2026.1.1\lib\idea_rt.jar=50903 -Dfile.encoding=UTF-8 sms.com.sms.SmsApplication

Host: 11th Gen Intel(R) Core(TM) i5-1135G7 @ 2.40GHz, 8 cores, 7G,  Windows 11 , 64 bit Build 26100 (10.0.26100.8875)
Time: Sat Aug  1 15:49:52 2026 W. Central Africa Standard Time elapsed time: 14289.849401 seconds (0d 3h 58m 9s)

---------------  T H R E A D  ---------------

Current thread (0x000001bf1fb30920):  JavaThread "Detection-Thread-6329" daemon [_thread_in_native, id=24648, stack(0x0000002d61590000,0x0000002d61690000)]

Stack: [0x0000002d61590000,0x0000002d61690000],  sp=0x0000002d6168c7a0,  free space=1009k
Native frames: (J=compiled Java code, j=interpreted, Vv=VM code, C=native code)
C  [libiomp5md.dll+0xfacb9]  (no source info available)
